<html>
<body>
<pre>
<h1>礦ision Build Log</h1>
<h2>Tool Versions:</h2>
IDE-Version: μVision V5.14.0.0
Copyright (C) 2015 ARM Ltd and ARM Germany GmbH. All rights reserved.
License Information: obq obq, obq, LIC=TA39H-W2K4A-GQL0H-WD61D-XGR96-IK7QJ
 
Tool Versions:
Toolchain:       MDK-ARM Professional  Version: 5.14.0.0
Toolchain Path:  D:\Keil_v5\ARM\ARMCC\Bin
C Compiler:      Armcc.exe V5.05 update 1 (build 106)
Assembler:       Armasm.exe V5.05 update 1 (build 106)
Linker/Locator:  ArmLink.exe V5.05 update 1 (build 106)
Library Manager: ArmAr.exe V5.05 update 1 (build 106)
Hex Converter:   FromElf.exe V5.05 update 1 (build 106)
CPU DLL:         SARMCM3.DLL V5.14.0.0
Dialog DLL:      DCM.DLL V1.13.1.0
Target DLL:      Segger\JL2CM3.dll V2.99.13.0
Dialog DLL:      TCM.DLL V1.14.4.0
 
<h2>Project:</h2>
E:\桌面\workspace\智能手表\smart_watch_FreeRTOS\PROJECT\demo.uvprojx
Project File Date:  01/03/2025

<h2>Output:</h2>
Rebuild target 'demo'
compiling stm32f4xx_it.c...
compiling system_stm32f4xx.c...
compiling tft.c...
compiling tim.c...
compiling touch.c...
compiling my_rtc.c...
compiling dht11.c...
compiling vibration_motor.c...
compiling bt24.c...
compiling inv_mpu.c...
compiling inv_mpu_dmp_motion_driver.c...
compiling MPU6050.c...
compiling algorithm.c...
compiling i2c.c...
compiling max30102.c...
compiling usart.c...
compiling delay.c...
compiling sys.c...
assembling startup_stm32f40_41xxx.s...
compiling misc.c...
compiling stm32f4xx_gpio.c...
compiling stm32f4xx_fsmc.c...
compiling stm32f4xx_rcc.c...
compiling stm32f4xx_syscfg.c...
compiling stm32f4xx_usart.c...
compiling stm32f4xx_spi.c...
compiling stm32f4xx_dcmi.c...
compiling stm32f4xx_tim.c...
compiling stm32f4xx_dma.c...
compiling stm32f4xx_exti.c...
compiling stm32f4xx_rtc.c...
compiling stm32f4xx_pwr.c...
compiling croutine.c...
compiling event_groups.c...
compiling list.c...
compiling queue.c...
compiling stream_buffer.c...
compiling tasks.c...
compiling timers.c...
compiling heap_4.c...
compiling port.c...
compiling lv_disp.c...
compiling lv_event.c...
compiling lv_group.c...
compiling lv_indev.c...
compiling lv_indev_scroll.c...
compiling lv_obj.c...
compiling lv_obj_class.c...
compiling lv_obj_draw.c...
compiling lv_obj_pos.c...
compiling lv_obj_scroll.c...
compiling lv_obj_style.c...
compiling lv_obj_style_gen.c...
compiling lv_obj_tree.c...
compiling lv_refr.c...
compiling lv_theme.c...
compiling lv_draw.c...
compiling lv_draw_arc.c...
compiling lv_draw_img.c...
compiling lv_draw_label.c...
compiling lv_draw_line.c...
compiling lv_draw_mask.c...
compiling lv_draw_rect.c...
compiling lv_draw_triangle.c...
compiling lv_img_buf.c...
compiling lv_img_cache.c...
compiling lv_img_decoder.c...
compiling lv_draw_sw.c...
compiling lv_draw_sw_arc.c...
compiling lv_draw_sw_blend.c...
compiling lv_draw_sw_dither.c...
compiling lv_draw_sw_gradient.c...
compiling lv_draw_sw_img.c...
compiling lv_draw_sw_letter.c...
compiling lv_draw_sw_line.c...
compiling lv_draw_sw_polygon.c...
compiling lv_draw_sw_rect.c...
compiling lv_draw_layer.c...
compiling lv_draw_sw_layer.c...
compiling lv_draw_sw_transform.c...
compiling lv_draw_transform.c...
compiling lv_extra.c...
compiling lv_flex.c...
compiling lv_grid.c...
compiling lv_bmp.c...
compiling lv_ffmpeg.c...
compiling lv_freetype.c...
compiling lv_fs_fatfs.c...
compiling lv_fs_posix.c...
compiling lv_fs_stdio.c...
compiling lv_fs_win32.c...
compiling gifdec.c...
compiling lv_gif.c...
compiling lodepng.c...
compiling lv_png.c...
compiling lv_qrcode.c...
compiling qrcodegen.c...
compiling lv_rlottie.c...
compiling lv_sjpg.c...
compiling tjpgd.c...
compiling lv_gridnav.c...
compiling lv_snapshot.c...
compiling lv_theme_basic.c...
compiling lv_theme_default.c...
compiling lv_theme_mono.c...
compiling lv_animimg.c...
compiling lv_calendar.c...
compiling lv_calendar_header_arrow.c...
compiling lv_calendar_header_dropdown.c...
compiling lv_chart.c...
compiling lv_colorwheel.c...
compiling lv_imgbtn.c...
compiling lv_keyboard.c...
compiling lv_led.c...
compiling lv_list.c...
compiling lv_menu.c...
compiling lv_meter.c...
compiling lv_msgbox.c...
compiling lv_span.c...
compiling lv_spinbox.c...
compiling lv_spinner.c...
compiling lv_tabview.c...
compiling lv_tileview.c...
compiling lv_win.c...
compiling main.c...
compiling lv_font.c...
compiling lv_font_dejavu_16_persian_hebrew.c...
compiling lv_font_fmt_txt.c...
compiling lv_font_loader.c...
compiling lv_font_montserrat_8.c...
compiling lv_font_montserrat_10.c...
compiling lv_font_montserrat_12.c...
compiling lv_font_montserrat_12_subpx.c...
compiling lv_font_montserrat_14.c...
compiling lv_font_montserrat_16.c...
compiling lv_font_montserrat_18.c...
compiling lv_font_montserrat_20.c...
compiling lv_font_montserrat_22.c...
compiling lv_font_montserrat_24.c...
compiling lv_font_montserrat_26.c...
compiling lv_font_montserrat_28.c...
compiling lv_font_montserrat_28_compressed.c...
compiling lv_font_montserrat_30.c...
compiling lv_font_montserrat_32.c...
compiling lv_font_montserrat_34.c...
compiling lv_font_montserrat_36.c...
compiling lv_font_montserrat_38.c...
compiling lv_font_montserrat_40.c...
compiling lv_font_montserrat_42.c...
compiling lv_font_montserrat_44.c...
compiling lv_font_montserrat_46.c...
compiling lv_font_montserrat_48.c...
compiling lv_font_simsun_16_cjk.c...
compiling lv_font_unscii_8.c...
compiling lv_font_unscii_16.c...
compiling lv_hal_disp.c...
compiling lv_hal_indev.c...
compiling lv_hal_tick.c...
compiling lv_anim.c...
compiling lv_anim_timeline.c...
compiling lv_area.c...
compiling lv_async.c...
compiling lv_bidi.c...
compiling lv_color.c...
compiling lv_fs.c...
compiling lv_gc.c...
compiling lv_ll.c...
compiling lv_log.c...
compiling lv_lru.c...
compiling lv_math.c...
compiling lv_mem.c...
compiling lv_printf.c...
compiling lv_style.c...
compiling lv_style_gen.c...
compiling lv_templ.c...
compiling lv_timer.c...
compiling lv_tlsf.c...
compiling lv_txt.c...
compiling lv_txt_ap.c...
compiling lv_utils.c...
compiling lv_arc.c...
compiling lv_bar.c...
compiling lv_btn.c...
compiling lv_btnmatrix.c...
compiling lv_canvas.c...
compiling lv_checkbox.c...
compiling lv_dropdown.c...
compiling lv_img.c...
compiling lv_label.c...
compiling lv_line.c...
compiling lv_objx_templ.c...
compiling lv_roller.c...
compiling lv_slider.c...
compiling lv_switch.c...
compiling lv_table.c...
compiling lv_textarea.c...
compiling lv_port_disp.c...
compiling lv_port_fs.c...
compiling lv_port_indev.c...
compiling ui_font_CuYuan23.c...
compiling ui_font_CuYuan60.c...
compiling ui_img_alarm_clock_png.c...
compiling ui_img_bushu_png.c...
compiling ui_img_jiuzuotixing_png.c...
compiling ui_img_jiuzuotixingqiyongqianse_png.c...
compiling ui_img_lanya_png.c...
compiling ui_img_naozhong_huaban_png.c...
compiling ui_img_pingmuliangdu_hr_png.c...
compiling ui_img_shidu_png.c...
compiling ui_img_taiwanliangping_png.c...
compiling ui_img_wendu_png.c...
compiling ui_img_xieyang_png.c...
compiling ui_img_xinlv_png.c...
compiling ui_img_xinshuai_png.c...
compiling ui_img_xiping_png.c...
compiling ui_ScreenHome.c...
compiling ui_ScreenMenu.c...
compiling ui.c...
compiling ui_helpers.c...
compiling ui_ScreenHRSPO2H.c...
compiling ui_img_jiangdipingmuliangdu_png.c...
compiling ui_ScreenBrightness.c...
compiling ui_events.c...
compiling ui_img_spo2h_png.c...
compiling ui_img_hr_png.c...
compiling ui_ScreenCalendar.c...
compiling ui_img_rili_png.c...
compiling ui_img_394393243.c...
compiling ui_img_xiezi_xiao_png.c...
compiling ui_img_1737115695.c...
compiling ui_img_1102958715.c...
linking...
Program Size: Code=228888 RO-data=254200 RW-data=1228 ZI-data=127524  
"..\OBJ\project.axf" - 0 Error(s), 0 Warning(s).

<h2>Collection of Component include folders:</h2>
  E:\桌面\workspace\智能手表\smart_watch_FreeRTOS\PROJECT\RTE
  D:\Keil_v5\ARM\PACK\Keil\STM32F4xx_DFP\1.0.8\Device\Include

<h2>Collection of Component Files used:</h2>
</pre>
</body>
</html>
